[32mÔťô Building app...[39m
[32mÔťô Pre-processing app...[39m
[90mAdded FlowCard `car-connected` for type `triggers`[39m
[90mAdded FlowCard `car-disconnected` for type `triggers`[39m
[90mAdded FlowCard `car-start-charging` for type `triggers`[39m
[90mAdded FlowCard `slave_error_changed` for type `triggers`[39m
[90mAdded FlowCard `connection_state_changed` for type `triggers`[39m
[90mAdded FlowCard `car-connected-condition` for type `conditions`[39m
[90mAdded FlowCard `car-is-charging` for type `conditions`[39m
[90mAdded FlowCard `power-greater-than` for type `conditions`[39m
[90mAdded FlowCard `power-less-than` for type `conditions`[39m
[90mAdded FlowCard `charging-is-paused` for type `conditions`[39m
[90mAdded FlowCard `charging-is-not-paused` for type `conditions`[39m
[90mAdded FlowCard `is_connection_error` for type `conditions`[39m
[90mAdded FlowCard `compare_calculated_current` for type `conditions`[39m
[90mAdded FlowCard `set_paused` for type `actions`[39m
[90mAdded FlowCard `set_locked` for type `actions`[39m
[90mAdded FlowCard `set_intensity` for type `actions`[39m
[90mAdded FlowCard `set_power` for type `actions`[39m
[90mAdded FlowCard `calculate_power_with_buffer` for type `actions`[39m
[90mAdded FlowCard `set_dynamic` for type `actions`[39m
[90mAdded FlowCard `set_min_intensity` for type `actions`[39m
[90mAdded FlowCard `set_max_intensity` for type `actions`[39m
[90mAdded FlowCard `set_dynamic_power_mode` for type `actions`[39m
[90mAdded FlowCard `set_energy_counter` for type `actions`[39m
[90mAdded Driver `v2c-wallbox`[39m
[90mAdded Widget `wallbox-status`[39m
[90mAdded Capability `car_connected`[39m
[90mAdded Capability `firmware_version`[39m
[90mAdded Capability `max_intensity`[39m
[90mAdded Capability `measure_battery_power`[39m
[90mAdded Capability `measure_connection_error`[39m
[90mAdded Capability `measure_dynamic`[39m
[90mAdded Capability `measure_fv_power`[39m
[90mAdded Capability `measure_house_power`[39m
[90mAdded Capability `measure_charge_energy`[39m
[90mAdded Capability `measure_charge_power`[39m
[90mAdded Capability `measure_charge_state`[39m
[90mAdded Capability `measure_charge_time`[39m
[90mAdded Capability `measure_intensity`[39m
[90mAdded Capability `measure_locked`[39m
[90mAdded Capability `measure_monthly_energy`[39m
[90mAdded Capability `measure_paused`[39m
[90mAdded Capability `measure_power`[39m
[90mAdded Capability `measure_slave_error`[39m
[90mAdded Capability `measure_voltage_installation`[39m
[90mAdded Capability `measure_yearly_energy`[39m
[90mAdded Capability `meter_power`[39m
[90mAdded Capability `min_intensity`[39m
[90mAdded Capability `set_intensity`[39m
[90mAdded Capability `signal_status`[39m
[90mAdded Capability `timer_state`[39m
[90mAdded Locale `en`[39m
[32mÔťô Validating app...[39m
[31m├Ś App did not validate against level `debug`:[39m
[31m├Ś manifest.widgets['wallbox-status'].api['getStatus'].method should be equal to one of the allowed values ["GET","POST","PUT","DELETE"][39m
[31mmanifest.widgets['wallbox-status'].api['setPaused'].method should be equal to one of the allowed values ["GET","POST","PUT","DELETE"][39m
